[INFO] Scanning for projects...
[INFO] 
[INFO] --------------------< com.schoolmanagement:backend >--------------------
[INFO] Building ISS 0.0.1-SNAPSHOT
[INFO]   from pom.xml
[INFO] --------------------------------[ jar ]---------------------------------
[INFO] 
[INFO] --- clean:3.5.0:clean (default-clean) @ backend ---
[INFO] Deleting D:\Capstone Project\School Management\backend\target
[INFO] 
[INFO] --- resources:3.3.1:resources (default-resources) @ backend ---
[INFO] Copying 1 resource from src\main\resources to target\classes
[INFO] Copying 0 resource from src\main\resources to target\classes
[INFO] 
[INFO] --- compiler:3.14.1:compile (default-compile) @ backend ---
[INFO] Recompiling the module because of changed source code.
[INFO] Compiling 236 source files with javac [debug parameters release 21] to target\classes
[INFO] /D:/Capstone Project/School Management/backend/src/main/java/com/schoolmanagement/backend/security/JwtService.java: D:\Capstone Project\School Management\backend\src\main\java\com\schoolmanagement\backend\security\JwtService.java uses or overrides a deprecated API.
[INFO] /D:/Capstone Project/School Management/backend/src/main/java/com/schoolmanagement/backend/security/JwtService.java: Recompile with -Xlint:deprecation for details.
[INFO] -------------------------------------------------------------
[ERROR] COMPILATION ERROR : 
[INFO] -------------------------------------------------------------
[ERROR] /D:/Capstone Project/School Management/backend/src/main/java/com/schoolmanagement/backend/service/StudentManagementService.java:[865,18] method autoAssignStudentToClass(com.schoolmanagement.backend.domain.entity.School,com.schoolmanagement.backend.domain.entity.Student,com.schoolmanagement.backend.domain.ClassDepartment,java.lang.String,int) is already defined in class com.schoolmanagement.backend.service.StudentManagementService
[ERROR] /D:/Capstone Project/School Management/backend/src/main/java/com/schoolmanagement/backend/service/StudentManagementService.java:[908,21] method matchesDepartment(com.schoolmanagement.backend.domain.entity.ClassRoom,com.schoolmanagement.backend.domain.ClassDepartment) is already defined in class com.schoolmanagement.backend.service.StudentManagementService
[ERROR] /D:/Capstone Project/School Management/backend/src/main/java/com/schoolmanagement/backend/security/JwtService.java:[42,33] cannot find symbol
  symbol:   method getId()
  location: variable user of type com.schoolmanagement.backend.domain.entity.User
[ERROR] /D:/Capstone Project/School Management/backend/src/main/java/com/schoolmanagement/backend/security/JwtService.java:[47,38] cannot find symbol
  symbol:   method getEmail()
  location: variable user of type com.schoolmanagement.backend.domain.entity.User
[ERROR] /D:/Capstone Project/School Management/backend/src/main/java/com/schoolmanagement/backend/security/JwtService.java:[48,37] cannot find symbol
  symbol:   method getRole()
  location: variable user of type com.schoolmanagement.backend.domain.entity.User
[ERROR] /D:/Capstone Project/School Management/backend/src/main/java/com/schoolmanagement/backend/config/SeedDataRunner.java:[41,13] cannot find symbol
  symbol:   variable log
  location: class com.schoolmanagement.backend.config.SeedDataRunner
[ERROR] /D:/Capstone Project/School Management/backend/src/main/java/com/schoolmanagement/backend/config/SeedDataRunner.java:[46,13] cannot find symbol
  symbol:   variable log
  location: class com.schoolmanagement.backend.config.SeedDataRunner
[ERROR] /D:/Capstone Project/School Management/backend/src/main/java/com/schoolmanagement/backend/config/SeedDataRunner.java:[55,26] cannot find symbol
  symbol:   method builder()
  location: class com.schoolmanagement.backend.domain.entity.User
[ERROR] /D:/Capstone Project/School Management/backend/src/main/java/com/schoolmanagement/backend/config/SeedDataRunner.java:[66,9] cannot find symbol
  symbol:   variable log
  location: class com.schoolmanagement.backend.config.SeedDataRunner
[ERROR] /D:/Capstone Project/School Management/backend/src/main/java/com/schoolmanagement/backend/service/CurriculumSeederService.java:[25,25] cannot find symbol
  symbol:   variable log
  location: class com.schoolmanagement.backend.service.CurriculumSeederService
[ERROR] /D:/Capstone Project/School Management/backend/src/main/java/com/schoolmanagement/backend/service/CurriculumSeederService.java:[28,17] cannot find symbol
  symbol:   variable log
  location: class com.schoolmanagement.backend.service.CurriculumSeederService
[ERROR] /D:/Capstone Project/School Management/backend/src/main/java/com/schoolmanagement/backend/service/CurriculumSeederService.java:[87,17] cannot find symbol
  symbol:   variable log
  location: class com.schoolmanagement.backend.service.CurriculumSeederService
[ERROR] /D:/Capstone Project/School Management/backend/src/main/java/com/schoolmanagement/backend/service/CurriculumSeederService.java:[92,31] cannot find symbol
  symbol:   method builder()
  location: class com.schoolmanagement.backend.domain.entity.Subject
[ERROR] /D:/Capstone Project/School Management/backend/src/main/java/com/schoolmanagement/backend/controller/AccountController.java:[46,18] cannot find symbol
  symbol:   method getSchool()
  location: variable admin of type com.schoolmanagement.backend.domain.entity.User
[ERROR] /D:/Capstone Project/School Management/backend/src/main/java/com/schoolmanagement/backend/controller/AccountController.java:[49,73] cannot find symbol
  symbol:   method getSchool()
  location: variable admin of type com.schoolmanagement.backend.domain.entity.User
[ERROR] /D:/Capstone Project/School Management/backend/src/main/java/com/schoolmanagement/backend/controller/AccountController.java:[61,18] cannot find symbol
  symbol:   method getSchool()
  location: variable admin of type com.schoolmanagement.backend.domain.entity.User
[ERROR] /D:/Capstone Project/School Management/backend/src/main/java/com/schoolmanagement/backend/controller/AccountController.java:[64,69] cannot find symbol
  symbol:   method getSchool()
  location: variable admin of type com.schoolmanagement.backend.domain.entity.User
[ERROR] /D:/Capstone Project/School Management/backend/src/main/java/com/schoolmanagement/backend/controller/AccountController.java:[77,18] cannot find symbol
  symbol:   method getSchool()
  location: variable admin of type com.schoolmanagement.backend.domain.entity.User
[ERROR] /D:/Capstone Project/School Management/backend/src/main/java/com/schoolmanagement/backend/controller/AccountController.java:[80,76] cannot find symbol
  symbol:   method getSchool()
  location: variable admin of type com.schoolmanagement.backend.domain.entity.User
[ERROR] /D:/Capstone Project/School Management/backend/src/main/java/com/schoolmanagement/backend/controller/AccountController.java:[92,18] cannot find symbol
  symbol:   method getSchool()
  location: variable admin of type com.schoolmanagement.backend.domain.entity.User
[ERROR] /D:/Capstone Project/School Management/backend/src/main/java/com/schoolmanagement/backend/controller/AccountController.java:[95,72] cannot find symbol
  symbol:   method getSchool()
  location: variable admin of type com.schoolmanagement.backend.domain.entity.User
[ERROR] /D:/Capstone Project/School Management/backend/src/main/java/com/schoolmanagement/backend/controller/AccountController.java:[104,18] cannot find symbol
  symbol:   method getSchool()
  location: variable admin of type com.schoolmanagement.backend.domain.entity.User
[ERROR] /D:/Capstone Project/School Management/backend/src/main/java/com/schoolmanagement/backend/controller/AccountController.java:[107,74] cannot find symbol
  symbol:   method getSchool()
  location: variable admin of type com.schoolmanagement.backend.domain.entity.User
[ERROR] /D:/Capstone Project/School Management/backend/src/main/java/com/schoolmanagement/backend/controller/AccountController.java:[115,18] cannot find symbol
  symbol:   method getSchool()
  location: variable admin of type com.schoolmanagement.backend.domain.entity.User
[ERROR] /D:/Capstone Project/School Management/backend/src/main/java/com/schoolmanagement/backend/controller/AccountController.java:[118,70] cannot find symbol
  symbol:   method getSchool()
  location: variable admin of type com.schoolmanagement.backend.domain.entity.User
[ERROR] /D:/Capstone Project/School Management/backend/src/main/java/com/schoolmanagement/backend/service/StudentAccountService.java:[90,21] cannot find symbol
  symbol:   method getSchool()
  location: variable student of type com.schoolmanagement.backend.domain.entity.Student
[ERROR] /D:/Capstone Project/School Management/backend/src/main/java/com/schoolmanagement/backend/service/StudentAccountService.java:[90,55] cannot find symbol
  symbol:   method getId()
  location: variable school of type com.schoolmanagement.backend.domain.entity.School
[ERROR] /D:/Capstone Project/School Management/backend/src/main/java/com/schoolmanagement/backend/service/StudentAccountService.java:[95,20] cannot find symbol
  symbol:   method getStatus()
  location: variable student of type com.schoolmanagement.backend.domain.entity.Student
[ERROR] /D:/Capstone Project/School Management/backend/src/main/java/com/schoolmanagement/backend/service/StudentAccountService.java:[100,20] cannot find symbol
  symbol:   method getEmail()
  location: variable student of type com.schoolmanagement.backend.domain.entity.Student
[ERROR] /D:/Capstone Project/School Management/backend/src/main/java/com/schoolmanagement/backend/service/StudentAccountService.java:[100,50] cannot find symbol
  symbol:   method getEmail()
  location: variable student of type com.schoolmanagement.backend.domain.entity.Student
[ERROR] /D:/Capstone Project/School Management/backend/src/main/java/com/schoolmanagement/backend/service/StudentAccountService.java:[105,20] cannot find symbol
  symbol:   method getUser()
  location: variable student of type com.schoolmanagement.backend.domain.entity.Student
[ERROR] /D:/Capstone Project/School Management/backend/src/main/java/com/schoolmanagement/backend/service/StudentAccountService.java:[110,50] cannot find symbol
  symbol:   method getEmail()
  location: variable student of type com.schoolmanagement.backend.domain.entity.Student
[ERROR] /D:/Capstone Project/School Management/backend/src/main/java/com/schoolmanagement/backend/service/StudentAccountService.java:[112,75] cannot find symbol
  symbol:   method getEmail()
  location: variable student of type com.schoolmanagement.backend.domain.entity.Student
[ERROR] /D:/Capstone Project/School Management/backend/src/main/java/com/schoolmanagement/backend/service/StudentAccountService.java:[119,25] cannot find symbol
  symbol:   method builder()
  location: class com.schoolmanagement.backend.domain.entity.User
[ERROR] /D:/Capstone Project/School Management/backend/src/main/java/com/schoolmanagement/backend/service/StudentAccountService.java:[120,31] cannot find symbol
  symbol:   method getEmail()
  location: variable student of type com.schoolmanagement.backend.domain.entity.Student
[ERROR] /D:/Capstone Project/School Management/backend/src/main/java/com/schoolmanagement/backend/service/StudentAccountService.java:[121,34] cannot find symbol
  symbol:   method getFullName()
  location: variable student of type com.schoolmanagement.backend.domain.entity.Student
[ERROR] /D:/Capstone Project/School Management/backend/src/main/java/com/schoolmanagement/backend/service/StudentAccountService.java:[132,16] cannot find symbol
  symbol:   method setUser(com.schoolmanagement.backend.domain.entity.User)
  location: variable student of type com.schoolmanagement.backend.domain.entity.Student
[ERROR] /D:/Capstone Project/School Management/backend/src/main/java/com/schoolmanagement/backend/service/StudentAccountService.java:[136,47] cannot find symbol
  symbol:   method getEmail()
  location: variable user of type com.schoolmanagement.backend.domain.entity.User
[ERROR] /D:/Capstone Project/School Management/backend/src/main/java/com/schoolmanagement/backend/service/StudentAccountService.java:[136,64] cannot find symbol
  symbol:   method getFullName()
  location: variable user of type com.schoolmanagement.backend.domain.entity.User
[ERROR] /D:/Capstone Project/School Management/backend/src/main/java/com/schoolmanagement/backend/service/StudentAccountService.java:[138,32] cannot find symbol
  symbol:   method getId()
  location: variable user of type com.schoolmanagement.backend.domain.entity.User
[ERROR] /D:/Capstone Project/School Management/backend/src/main/java/com/schoolmanagement/backend/service/StudentAccountService.java:[138,46] cannot find symbol
  symbol:   method getEmail()
  location: variable user of type com.schoolmanagement.backend.domain.entity.User
[ERROR] /D:/Capstone Project/School Management/backend/src/main/java/com/schoolmanagement/backend/service/StudentAccountService.java:[138,63] cannot find symbol
  symbol:   method getFullName()
  location: variable user of type com.schoolmanagement.backend.domain.entity.User
[ERROR] /D:/Capstone Project/School Management/backend/src/main/java/com/schoolmanagement/backend/service/StudentAccountService.java:[138,83] cannot find symbol
  symbol:   method getRole()
  location: variable user of type com.schoolmanagement.backend.domain.entity.User
[ERROR] /D:/Capstone Project/School Management/backend/src/main/java/com/schoolmanagement/backend/service/StudentAccountService.java:[138,101] cannot find symbol
  symbol:   method getId()
  location: variable school of type com.schoolmanagement.backend.domain.entity.School
[ERROR] /D:/Capstone Project/School Management/backend/src/main/java/com/schoolmanagement/backend/service/StudentAccountService.java:[139,23] cannot find symbol
  symbol:   method getCode()
  location: variable school of type com.schoolmanagement.backend.domain.entity.School
[ERROR] /D:/Capstone Project/School Management/backend/src/main/java/com/schoolmanagement/backend/service/StudentAccountService.java:[139,39] cannot find symbol
  symbol:   method isEnabled()
  location: variable user of type com.schoolmanagement.backend.domain.entity.User
[ERROR] /D:/Capstone Project/School Management/backend/src/main/java/com/schoolmanagement/backend/service/StudentAccountService.java:[150,21] cannot find symbol
  symbol:   method getSchool()
  location: variable student of type com.schoolmanagement.backend.domain.entity.Student
[ERROR] /D:/Capstone Project/School Management/backend/src/main/java/com/schoolmanagement/backend/service/StudentAccountService.java:[150,55] cannot find symbol
  symbol:   method getId()
  location: variable school of type com.schoolmanagement.backend.domain.entity.School
[ERROR] /D:/Capstone Project/School Management/backend/src/main/java/com/schoolmanagement/backend/service/StudentAccountService.java:[154,28] cannot find symbol
  symbol:   method getUser()
  location: variable student of type com.schoolmanagement.backend.domain.entity.Student
[ERROR] /D:/Capstone Project/School Management/backend/src/main/java/com/schoolmanagement/backend/service/StudentAccountService.java:[160,16] cannot find symbol
  symbol:   method setUser(<nulltype>)
  location: variable student of type com.schoolmanagement.backend.domain.entity.Student
[ERROR] /D:/Capstone Project/School Management/backend/src/main/java/com/schoolmanagement/backend/service/StudentAccountService.java:[167,14] cannot find symbol
  symbol:   method setUser(<nulltype>)
  location: variable g of type com.schoolmanagement.backend.domain.entity.Guardian
[ERROR] /D:/Capstone Project/School Management/backend/src/main/java/com/schoolmanagement/backend/service/StudentAccountService.java:[203,22] invalid method reference
  cannot find symbol
    symbol:   method getAcademicYear()
    location: class com.schoolmanagement.backend.domain.entity.ClassRoom
[ERROR] /D:/Capstone Project/School Management/backend/src/main/java/com/schoolmanagement/backend/service/StudentAccountService.java:[210,47] cannot find symbol
  symbol:   method getStudents()
  location: variable g of type com.schoolmanagement.backend.domain.entity.Guardian
[ERROR] /D:/Capstone Project/School Management/backend/src/main/java/com/schoolmanagement/backend/service/StudentAccountService.java:[211,86] cannot find symbol
  symbol:   method getFullName()
  location: class com.schoolmanagement.backend.domain.entity.Student
[ERROR] /D:/Capstone Project/School Management/backend/src/main/java/com/schoolmanagement/backend/service/StudentAccountService.java:[222,44] cannot find symbol
  symbol:   method getClassRoom()
  location: variable e of type com.schoolmanagement.backend.domain.entity.ClassEnrollment
[ERROR] /D:/Capstone Project/School Management/backend/src/main/java/com/schoolmanagement/backend/service/StudentAccountService.java:[223,40] incompatible types: java.lang.Object cannot be converted to java.lang.String
[ERROR] /D:/Capstone Project/School Management/backend/src/main/java/com/schoolmanagement/backend/service/StudentAccountService.java:[227,30] cannot find symbol
  symbol:   method getId()
  location: variable g of type com.schoolmanagement.backend.domain.entity.Guardian
[ERROR] /D:/Capstone Project/School Management/backend/src/main/java/com/schoolmanagement/backend/service/StudentAccountService.java:[228,30] cannot find symbol
  symbol:   method getFullName()
  location: variable g of type com.schoolmanagement.backend.domain.entity.Guardian
[ERROR] /D:/Capstone Project/School Management/backend/src/main/java/com/schoolmanagement/backend/service/StudentAccountService.java:[229,30] cannot find symbol
  symbol:   method getEmail()
  location: variable g of type com.schoolmanagement.backend.domain.entity.Guardian
[ERROR] /D:/Capstone Project/School Management/backend/src/main/java/com/schoolmanagement/backend/service/StudentAccountService.java:[230,30] cannot find symbol
  symbol:   method getPhone()
  location: variable g of type com.schoolmanagement.backend.domain.entity.Guardian
[ERROR] /D:/Capstone Project/School Management/backend/src/main/java/com/schoolmanagement/backend/service/StudentAccountService.java:[260,17] cannot find symbol
  symbol:   variable log
  location: class com.schoolmanagement.backend.service.StudentAccountService
[ERROR] /D:/Capstone Project/School Management/backend/src/main/java/com/schoolmanagement/backend/service/StudentAccountService.java:[275,43] cannot find symbol
  symbol:   method getStudents()
  location: variable guardian of type com.schoolmanagement.backend.domain.entity.Guardian
[ERROR] /D:/Capstone Project/School Management/backend/src/main/java/com/schoolmanagement/backend/service/StudentAccountService.java:[276,67] cannot find symbol
  symbol:   method getId()
  location: variable school of type com.schoolmanagement.backend.domain.entity.School
[ERROR] /D:/Capstone Project/School Management/backend/src/main/java/com/schoolmanagement/backend/service/StudentAccountService.java:[282,21] cannot find symbol
  symbol:   method getUser()
  location: variable guardian of type com.schoolmanagement.backend.domain.entity.Guardian
[ERROR] /D:/Capstone Project/School Management/backend/src/main/java/com/schoolmanagement/backend/service/StudentAccountService.java:[286,21] cannot find symbol
  symbol:   method getEmail()
  location: variable guardian of type com.schoolmanagement.backend.domain.entity.Guardian
[ERROR] /D:/Capstone Project/School Management/backend/src/main/java/com/schoolmanagement/backend/service/StudentAccountService.java:[286,52] cannot find symbol
  symbol:   method getEmail()
  location: variable guardian of type com.schoolmanagement.backend.domain.entity.Guardian
[ERROR] /D:/Capstone Project/School Management/backend/src/main/java/com/schoolmanagement/backend/service/StudentAccountService.java:[287,68] cannot find symbol
  symbol:   method getFullName()
  location: variable guardian of type com.schoolmanagement.backend.domain.entity.Guardian
[ERROR] /D:/Capstone Project/School Management/backend/src/main/java/com/schoolmanagement/backend/service/StudentAccountService.java:[290,68] cannot find symbol
  symbol:   method getEmail()
  location: variable guardian of type com.schoolmanagement.backend.domain.entity.Guardian
[ERROR] /D:/Capstone Project/School Management/backend/src/main/java/com/schoolmanagement/backend/service/StudentAccountService.java:[291,57] cannot find symbol
  symbol:   method getEmail()
  location: variable guardian of type com.schoolmanagement.backend.domain.entity.Guardian
[ERROR] /D:/Capstone Project/School Management/backend/src/main/java/com/schoolmanagement/backend/service/StudentAccountService.java:[292,25] cannot find symbol
  symbol:   method getFullName()
  location: variable guardian of type com.schoolmanagement.backend.domain.entity.Guardian
[ERROR] /D:/Capstone Project/School Management/backend/src/main/java/com/schoolmanagement/backend/service/StudentAccountService.java:[293,17] cannot find symbol
  symbol:   method setUser(com.schoolmanagement.backend.domain.entity.User)
  location: variable guardian of type com.schoolmanagement.backend.domain.entity.Guardian
[ERROR] /D:/Capstone Project/School Management/backend/src/main/java/com/schoolmanagement/backend/service/StudentAccountService.java:[307,21] cannot find symbol
  symbol:   method getRole()
  location: variable user of type com.schoolmanagement.backend.domain.entity.User
[ERROR] /D:/Capstone Project/School Management/backend/src/main/java/com/schoolmanagement/backend/service/StudentAccountService.java:[309,70] cannot find symbol
  symbol:   method getRole()
  location: variable user of type com.schoolmanagement.backend.domain.entity.User
[ERROR] /D:/Capstone Project/School Management/backend/src/main/java/com/schoolmanagement/backend/service/StudentAccountService.java:[317,25] cannot find symbol
  symbol:   method builder()
  location: class com.schoolmanagement.backend.domain.entity.User
[ERROR] /D:/Capstone Project/School Management/backend/src/main/java/com/schoolmanagement/backend/service/StudentAccountService.java:[330,47] cannot find symbol
  symbol:   method getEmail()
  location: variable user of type com.schoolmanagement.backend.domain.entity.User
[ERROR] /D:/Capstone Project/School Management/backend/src/main/java/com/schoolmanagement/backend/service/StudentAccountService.java:[330,64] cannot find symbol
  symbol:   method getFullName()
  location: variable user of type com.schoolmanagement.backend.domain.entity.User
[ERROR] /D:/Capstone Project/School Management/backend/src/main/java/com/schoolmanagement/backend/service/StudentAccountService.java:[337,20] cannot find symbol
  symbol:   method getGuardian()
  location: variable student of type com.schoolmanagement.backend.domain.entity.Student
[ERROR] /D:/Capstone Project/School Management/backend/src/main/java/com/schoolmanagement/backend/service/StudentAccountService.java:[339,28] cannot find symbol
  symbol:   method getGuardian()
  location: variable student of type com.schoolmanagement.backend.domain.entity.Student
[ERROR] /D:/Capstone Project/School Management/backend/src/main/java/com/schoolmanagement/backend/service/StudentAccountService.java:[340,28] cannot find symbol
  symbol:   method getGuardian()
  location: variable student of type com.schoolmanagement.backend.domain.entity.Student
[ERROR] /D:/Capstone Project/School Management/backend/src/main/java/com/schoolmanagement/backend/service/StudentAccountService.java:[341,28] cannot find symbol
  symbol:   method getGuardian()
  location: variable student of type com.schoolmanagement.backend.domain.entity.Student
[ERROR] /D:/Capstone Project/School Management/backend/src/main/java/com/schoolmanagement/backend/service/StudentAccountService.java:[342,28] cannot find symbol
  symbol:   method getGuardian()
  location: variable student of type com.schoolmanagement.backend.domain.entity.Student
[ERROR] /D:/Capstone Project/School Management/backend/src/main/java/com/schoolmanagement/backend/service/StudentAccountService.java:[352,76] cannot find symbol
  symbol:   method getSchool()
  location: variable student of type com.schoolmanagement.backend.domain.entity.Student
[ERROR] /D:/Capstone Project/School Management/backend/src/main/java/com/schoolmanagement/backend/service/StudentAccountService.java:[353,30] invalid method reference
  cannot find symbol
    symbol:   method getAcademicYear()
    location: class com.schoolmanagement.backend.domain.entity.ClassRoom
[ERROR] /D:/Capstone Project/School Management/backend/src/main/java/com/schoolmanagement/backend/service/StudentAccountService.java:[355,55] cannot find symbol
  symbol:   method getClassRoom()
  location: class com.schoolmanagement.backend.domain.entity.ClassEnrollment
[ERROR] /D:/Capstone Project/School Management/backend/src/main/java/com/schoolmanagement/backend/service/StudentAccountService.java:[356,53] cannot find symbol
  symbol:   method getClassRoom()
  location: class com.schoolmanagement.backend.domain.entity.ClassEnrollment
[ERROR] /D:/Capstone Project/School Management/backend/src/main/java/com/schoolmanagement/backend/service/StudentAccountService.java:[374,24] cannot find symbol
  symbol:   method getUser()
  location: variable student of type com.schoolmanagement.backend.domain.entity.Student
[ERROR] /D:/Capstone Project/School Management/backend/src/main/java/com/schoolmanagement/backend/service/StudentAccountService.java:[360,24] cannot find symbol
  symbol:   method getId()
  location: variable student of type com.schoolmanagement.backend.domain.entity.Student
[ERROR] /D:/Capstone Project/School Management/backend/src/main/java/com/schoolmanagement/backend/service/StudentAccountService.java:[361,24] cannot find symbol
  symbol:   method getStudentCode()
  location: variable student of type com.schoolmanagement.backend.domain.entity.Student
[ERROR] /D:/Capstone Project/School Management/backend/src/main/java/com/schoolmanagement/backend/service/StudentAccountService.java:[362,24] cannot find symbol
  symbol:   method getFullName()
  location: variable student of type com.schoolmanagement.backend.domain.entity.Student
[ERROR] /D:/Capstone Project/School Management/backend/src/main/java/com/schoolmanagement/backend/service/StudentAccountService.java:[363,24] cannot find symbol
  symbol:   method getDateOfBirth()
  location: variable student of type com.schoolmanagement.backend.domain.entity.Student
[ERROR] /D:/Capstone Project/School Management/backend/src/main/java/com/schoolmanagement/backend/service/StudentAccountService.java:[364,24] cannot find symbol
  symbol:   method getGender()
  location: variable student of type com.schoolmanagement.backend.domain.entity.Student
[ERROR] /D:/Capstone Project/School Management/backend/src/main/java/com/schoolmanagement/backend/service/StudentAccountService.java:[364,54] cannot find symbol
  symbol:   method getGender()
  location: variable student of type com.schoolmanagement.backend.domain.entity.Student
[ERROR] /D:/Capstone Project/School Management/backend/src/main/java/com/schoolmanagement/backend/service/StudentAccountService.java:[365,24] cannot find symbol
  symbol:   method getBirthPlace()
  location: variable student of type com.schoolmanagement.backend.domain.entity.Student
[ERROR] /D:/Capstone Project/School Management/backend/src/main/java/com/schoolmanagement/backend/service/StudentAccountService.java:[366,24] cannot find symbol
  symbol:   method getAddress()
  location: variable student of type com.schoolmanagement.backend.domain.entity.Student
[ERROR] /D:/Capstone Project/School Management/backend/src/main/java/com/schoolmanagement/backend/service/StudentAccountService.java:[367,24] cannot find symbol
  symbol:   method getEmail()
  location: variable student of type com.schoolmanagement.backend.domain.entity.Student
[ERROR] /D:/Capstone Project/School Management/backend/src/main/java/com/schoolmanagement/backend/service/StudentAccountService.java:[368,24] cannot find symbol
  symbol:   method getPhone()
  location: variable student of type com.schoolmanagement.backend.domain.entity.Student
[ERROR] /D:/Capstone Project/School Management/backend/src/main/java/com/schoolmanagement/backend/service/StudentAccountService.java:[369,24] cannot find symbol
  symbol:   method getAvatarUrl()
  location: variable student of type com.schoolmanagement.backend.domain.entity.Student
[ERROR] /D:/Capstone Project/School Management/backend/src/main/java/com/schoolmanagement/backend/service/StudentAccountService.java:[370,24] cannot find symbol
  symbol:   method getStatus()
  location: variable student of type com.schoolmanagement.backend.domain.entity.Student
[ERROR] /D:/Capstone Project/School Management/backend/src/main/java/com/schoolmanagement/backend/service/StudentAccountService.java:[371,24] cannot find symbol
  symbol:   method getEnrollmentDate()
  location: variable student of type com.schoolmanagement.backend.domain.entity.Student
[ERROR] /D:/Capstone Project/School Management/backend/src/main/java/com/schoolmanagement/backend/service/TeacherManagementService.java:[65,47] cannot find symbol
  symbol:   method getStatus()
  location: variable t of type com.schoolmanagement.backend.domain.entity.Teacher
[INFO] 100 errors 
[INFO] -------------------------------------------------------------
[INFO] ------------------------------------------------------------------------
[INFO] BUILD FAILURE
[INFO] ------------------------------------------------------------------------
[INFO] Total time:  3.325 s
[INFO] Finished at: 2026-02-25T11:19:42+07:00
[INFO] ------------------------------------------------------------------------
[ERROR] Failed to execute goal org.apache.maven.plugins:maven-compiler-plugin:3.14.1:compile (default-compile) on project backend: Compilation failure: Compilation failure: 
[ERROR] /D:/Capstone Project/School Management/backend/src/main/java/com/schoolmanagement/backend/service/StudentManagementService.java:[865,18] method autoAssignStudentToClass(com.schoolmanagement.backend.domain.entity.School,com.schoolmanagement.backend.domain.entity.Student,com.schoolmanagement.backend.domain.ClassDepartment,java.lang.String,int) is already defined in class com.schoolmanagement.backend.service.StudentManagementService
[ERROR] /D:/Capstone Project/School Management/backend/src/main/java/com/schoolmanagement/backend/service/StudentManagementService.java:[908,21] method matchesDepartment(com.schoolmanagement.backend.domain.entity.ClassRoom,com.schoolmanagement.backend.domain.ClassDepartment) is already defined in class com.schoolmanagement.backend.service.StudentManagementService
[ERROR] /D:/Capstone Project/School Management/backend/src/main/java/com/schoolmanagement/backend/security/JwtService.java:[42,33] cannot find symbol
[ERROR]   symbol:   method getId()
[ERROR]   location: variable user of type com.schoolmanagement.backend.domain.entity.User
[ERROR] /D:/Capstone Project/School Management/backend/src/main/java/com/schoolmanagement/backend/security/JwtService.java:[47,38] cannot find symbol
[ERROR]   symbol:   method getEmail()
[ERROR]   location: variable user of type com.schoolmanagement.backend.domain.entity.User
[ERROR] /D:/Capstone Project/School Management/backend/src/main/java/com/schoolmanagement/backend/security/JwtService.java:[48,37] cannot find symbol
[ERROR]   symbol:   method getRole()
[ERROR]   location: variable user of type com.schoolmanagement.backend.domain.entity.User
[ERROR] /D:/Capstone Project/School Management/backend/src/main/java/com/schoolmanagement/backend/config/SeedDataRunner.java:[41,13] cannot find symbol
[ERROR]   symbol:   variable log
[ERROR]   location: class com.schoolmanagement.backend.config.SeedDataRunner
[ERROR] /D:/Capstone Project/School Management/backend/src/main/java/com/schoolmanagement/backend/config/SeedDataRunner.java:[46,13] cannot find symbol
[ERROR]   symbol:   variable log
[ERROR]   location: class com.schoolmanagement.backend.config.SeedDataRunner
[ERROR] /D:/Capstone Project/School Management/backend/src/main/java/com/schoolmanagement/backend/config/SeedDataRunner.java:[55,26] cannot find symbol
[ERROR]   symbol:   method builder()
[ERROR]   location: class com.schoolmanagement.backend.domain.entity.User
[ERROR] /D:/Capstone Project/School Management/backend/src/main/java/com/schoolmanagement/backend/config/SeedDataRunner.java:[66,9] cannot find symbol
[ERROR]   symbol:   variable log
[ERROR]   location: class com.schoolmanagement.backend.config.SeedDataRunner
[ERROR] /D:/Capstone Project/School Management/backend/src/main/java/com/schoolmanagement/backend/service/CurriculumSeederService.java:[25,25] cannot find symbol
[ERROR]   symbol:   variable log
[ERROR]   location: class com.schoolmanagement.backend.service.CurriculumSeederService
[ERROR] /D:/Capstone Project/School Management/backend/src/main/java/com/schoolmanagement/backend/service/CurriculumSeederService.java:[28,17] cannot find symbol
[ERROR]   symbol:   variable log
[ERROR]   location: class com.schoolmanagement.backend.service.CurriculumSeederService
[ERROR] /D:/Capstone Project/School Management/backend/src/main/java/com/schoolmanagement/backend/service/CurriculumSeederService.java:[87,17] cannot find symbol
[ERROR]   symbol:   variable log
[ERROR]   location: class com.schoolmanagement.backend.service.CurriculumSeederService
[ERROR] /D:/Capstone Project/School Management/backend/src/main/java/com/schoolmanagement/backend/service/CurriculumSeederService.java:[92,31] cannot find symbol
[ERROR]   symbol:   method builder()
[ERROR]   location: class com.schoolmanagement.backend.domain.entity.Subject
[ERROR] /D:/Capstone Project/School Management/backend/src/main/java/com/schoolmanagement/backend/controller/AccountController.java:[46,18] cannot find symbol
[ERROR]   symbol:   method getSchool()
[ERROR]   location: variable admin of type com.schoolmanagement.backend.domain.entity.User
[ERROR] /D:/Capstone Project/School Management/backend/src/main/java/com/schoolmanagement/backend/controller/AccountController.java:[49,73] cannot find symbol
[ERROR]   symbol:   method getSchool()
[ERROR]   location: variable admin of type com.schoolmanagement.backend.domain.entity.User
[ERROR] /D:/Capstone Project/School Management/backend/src/main/java/com/schoolmanagement/backend/controller/AccountController.java:[61,18] cannot find symbol
[ERROR]   symbol:   method getSchool()
[ERROR]   location: variable admin of type com.schoolmanagement.backend.domain.entity.User
[ERROR] /D:/Capstone Project/School Management/backend/src/main/java/com/schoolmanagement/backend/controller/AccountController.java:[64,69] cannot find symbol
[ERROR]   symbol:   method getSchool()
[ERROR]   location: variable admin of type com.schoolmanagement.backend.domain.entity.User
[ERROR] /D:/Capstone Project/School Management/backend/src/main/java/com/schoolmanagement/backend/controller/AccountController.java:[77,18] cannot find symbol
[ERROR]   symbol:   method getSchool()
[ERROR]   location: variable admin of type com.schoolmanagement.backend.domain.entity.User
[ERROR] /D:/Capstone Project/School Management/backend/src/main/java/com/schoolmanagement/backend/controller/AccountController.java:[80,76] cannot find symbol
[ERROR]   symbol:   method getSchool()
[ERROR]   location: variable admin of type com.schoolmanagement.backend.domain.entity.User
[ERROR] /D:/Capstone Project/School Management/backend/src/main/java/com/schoolmanagement/backend/controller/AccountController.java:[92,18] cannot find symbol
[ERROR]   symbol:   method getSchool()
[ERROR]   location: variable admin of type com.schoolmanagement.backend.domain.entity.User
[ERROR] /D:/Capstone Project/School Management/backend/src/main/java/com/schoolmanagement/backend/controller/AccountController.java:[95,72] cannot find symbol
[ERROR]   symbol:   method getSchool()
[ERROR]   location: variable admin of type com.schoolmanagement.backend.domain.entity.User
[ERROR] /D:/Capstone Project/School Management/backend/src/main/java/com/schoolmanagement/backend/controller/AccountController.java:[104,18] cannot find symbol
[ERROR]   symbol:   method getSchool()
[ERROR]   location: variable admin of type com.schoolmanagement.backend.domain.entity.User
[ERROR] /D:/Capstone Project/School Management/backend/src/main/java/com/schoolmanagement/backend/controller/AccountController.java:[107,74] cannot find symbol
[ERROR]   symbol:   method getSchool()
[ERROR]   location: variable admin of type com.schoolmanagement.backend.domain.entity.User
[ERROR] /D:/Capstone Project/School Management/backend/src/main/java/com/schoolmanagement/backend/controller/AccountController.java:[115,18] cannot find symbol
[ERROR]   symbol:   method getSchool()
[ERROR]   location: variable admin of type com.schoolmanagement.backend.domain.entity.User
[ERROR] /D:/Capstone Project/School Management/backend/src/main/java/com/schoolmanagement/backend/controller/AccountController.java:[118,70] cannot find symbol
[ERROR]   symbol:   method getSchool()
[ERROR]   location: variable admin of type com.schoolmanagement.backend.domain.entity.User
[ERROR] /D:/Capstone Project/School Management/backend/src/main/java/com/schoolmanagement/backend/service/StudentAccountService.java:[90,21] cannot find symbol
[ERROR]   symbol:   method getSchool()
[ERROR]   location: variable student of type com.schoolmanagement.backend.domain.entity.Student
[ERROR] /D:/Capstone Project/School Management/backend/src/main/java/com/schoolmanagement/backend/service/StudentAccountService.java:[90,55] cannot find symbol
[ERROR]   symbol:   method getId()
[ERROR]   location: variable school of type com.schoolmanagement.backend.domain.entity.School
[ERROR] /D:/Capstone Project/School Management/backend/src/main/java/com/schoolmanagement/backend/service/StudentAccountService.java:[95,20] cannot find symbol
[ERROR]   symbol:   method getStatus()
[ERROR]   location: variable student of type com.schoolmanagement.backend.domain.entity.Student
[ERROR] /D:/Capstone Project/School Management/backend/src/main/java/com/schoolmanagement/backend/service/StudentAccountService.java:[100,20] cannot find symbol
[ERROR]   symbol:   method getEmail()
[ERROR]   location: variable student of type com.schoolmanagement.backend.domain.entity.Student
[ERROR] /D:/Capstone Project/School Management/backend/src/main/java/com/schoolmanagement/backend/service/StudentAccountService.java:[100,50] cannot find symbol
[ERROR]   symbol:   method getEmail()
[ERROR]   location: variable student of type com.schoolmanagement.backend.domain.entity.Student
[ERROR] /D:/Capstone Project/School Management/backend/src/main/java/com/schoolmanagement/backend/service/StudentAccountService.java:[105,20] cannot find symbol
[ERROR]   symbol:   method getUser()
[ERROR]   location: variable student of type com.schoolmanagement.backend.domain.entity.Student
[ERROR] /D:/Capstone Project/School Management/backend/src/main/java/com/schoolmanagement/backend/service/StudentAccountService.java:[110,50] cannot find symbol
[ERROR]   symbol:   method getEmail()
[ERROR]   location: variable student of type com.schoolmanagement.backend.domain.entity.Student
[ERROR] /D:/Capstone Project/School Management/backend/src/main/java/com/schoolmanagement/backend/service/StudentAccountService.java:[112,75] cannot find symbol
[ERROR]   symbol:   method getEmail()
[ERROR]   location: variable student of type com.schoolmanagement.backend.domain.entity.Student
[ERROR] /D:/Capstone Project/School Management/backend/src/main/java/com/schoolmanagement/backend/service/StudentAccountService.java:[119,25] cannot find symbol
[ERROR]   symbol:   method builder()
[ERROR]   location: class com.schoolmanagement.backend.domain.entity.User
[ERROR] /D:/Capstone Project/School Management/backend/src/main/java/com/schoolmanagement/backend/service/StudentAccountService.java:[120,31] cannot find symbol
[ERROR]   symbol:   method getEmail()
[ERROR]   location: variable student of type com.schoolmanagement.backend.domain.entity.Student
[ERROR] /D:/Capstone Project/School Management/backend/src/main/java/com/schoolmanagement/backend/service/StudentAccountService.java:[121,34] cannot find symbol
[ERROR]   symbol:   method getFullName()
[ERROR]   location: variable student of type com.schoolmanagement.backend.domain.entity.Student
[ERROR] /D:/Capstone Project/School Management/backend/src/main/java/com/schoolmanagement/backend/service/StudentAccountService.java:[132,16] cannot find symbol
[ERROR]   symbol:   method setUser(com.schoolmanagement.backend.domain.entity.User)
[ERROR]   location: variable student of type com.schoolmanagement.backend.domain.entity.Student
[ERROR] /D:/Capstone Project/School Management/backend/src/main/java/com/schoolmanagement/backend/service/StudentAccountService.java:[136,47] cannot find symbol
[ERROR]   symbol:   method getEmail()
[ERROR]   location: variable user of type com.schoolmanagement.backend.domain.entity.User
[ERROR] /D:/Capstone Project/School Management/backend/src/main/java/com/schoolmanagement/backend/service/StudentAccountService.java:[136,64] cannot find symbol
[ERROR]   symbol:   method getFullName()
[ERROR]   location: variable user of type com.schoolmanagement.backend.domain.entity.User
[ERROR] /D:/Capstone Project/School Management/backend/src/main/java/com/schoolmanagement/backend/service/StudentAccountService.java:[138,32] cannot find symbol
[ERROR]   symbol:   method getId()
[ERROR]   location: variable user of type com.schoolmanagement.backend.domain.entity.User
[ERROR] /D:/Capstone Project/School Management/backend/src/main/java/com/schoolmanagement/backend/service/StudentAccountService.java:[138,46] cannot find symbol
[ERROR]   symbol:   method getEmail()
[ERROR]   location: variable user of type com.schoolmanagement.backend.domain.entity.User
[ERROR] /D:/Capstone Project/School Management/backend/src/main/java/com/schoolmanagement/backend/service/StudentAccountService.java:[138,63] cannot find symbol
[ERROR]   symbol:   method getFullName()
[ERROR]   location: variable user of type com.schoolmanagement.backend.domain.entity.User
[ERROR] /D:/Capstone Project/School Management/backend/src/main/java/com/schoolmanagement/backend/service/StudentAccountService.java:[138,83] cannot find symbol
[ERROR]   symbol:   method getRole()
[ERROR]   location: variable user of type com.schoolmanagement.backend.domain.entity.User
[ERROR] /D:/Capstone Project/School Management/backend/src/main/java/com/schoolmanagement/backend/service/StudentAccountService.java:[138,101] cannot find symbol
[ERROR]   symbol:   method getId()
[ERROR]   location: variable school of type com.schoolmanagement.backend.domain.entity.School
[ERROR] /D:/Capstone Project/School Management/backend/src/main/java/com/schoolmanagement/backend/service/StudentAccountService.java:[139,23] cannot find symbol
[ERROR]   symbol:   method getCode()
[ERROR]   location: variable school of type com.schoolmanagement.backend.domain.entity.School
[ERROR] /D:/Capstone Project/School Management/backend/src/main/java/com/schoolmanagement/backend/service/StudentAccountService.java:[139,39] cannot find symbol
[ERROR]   symbol:   method isEnabled()
[ERROR]   location: variable user of type com.schoolmanagement.backend.domain.entity.User
[ERROR] /D:/Capstone Project/School Management/backend/src/main/java/com/schoolmanagement/backend/service/StudentAccountService.java:[150,21] cannot find symbol
[ERROR]   symbol:   method getSchool()
[ERROR]   location: variable student of type com.schoolmanagement.backend.domain.entity.Student
[ERROR] /D:/Capstone Project/School Management/backend/src/main/java/com/schoolmanagement/backend/service/StudentAccountService.java:[150,55] cannot find symbol
[ERROR]   symbol:   method getId()
[ERROR]   location: variable school of type com.schoolmanagement.backend.domain.entity.School
[ERROR] /D:/Capstone Project/School Management/backend/src/main/java/com/schoolmanagement/backend/service/StudentAccountService.java:[154,28] cannot find symbol
[ERROR]   symbol:   method getUser()
[ERROR]   location: variable student of type com.schoolmanagement.backend.domain.entity.Student
[ERROR] /D:/Capstone Project/School Management/backend/src/main/java/com/schoolmanagement/backend/service/StudentAccountService.java:[160,16] cannot find symbol
[ERROR]   symbol:   method setUser(<nulltype>)
[ERROR]   location: variable student of type com.schoolmanagement.backend.domain.entity.Student
[ERROR] /D:/Capstone Project/School Management/backend/src/main/java/com/schoolmanagement/backend/service/StudentAccountService.java:[167,14] cannot find symbol
[ERROR]   symbol:   method setUser(<nulltype>)
[ERROR]   location: variable g of type com.schoolmanagement.backend.domain.entity.Guardian
[ERROR] /D:/Capstone Project/School Management/backend/src/main/java/com/schoolmanagement/backend/service/StudentAccountService.java:[203,22] invalid method reference
[ERROR]   cannot find symbol
[ERROR]     symbol:   method getAcademicYear()
[ERROR]     location: class com.schoolmanagement.backend.domain.entity.ClassRoom
[ERROR] /D:/Capstone Project/School Management/backend/src/main/java/com/schoolmanagement/backend/service/StudentAccountService.java:[210,47] cannot find symbol
[ERROR]   symbol:   method getStudents()
[ERROR]   location: variable g of type com.schoolmanagement.backend.domain.entity.Guardian
[ERROR] /D:/Capstone Project/School Management/backend/src/main/java/com/schoolmanagement/backend/service/StudentAccountService.java:[211,86] cannot find symbol
[ERROR]   symbol:   method getFullName()
[ERROR]   location: class com.schoolmanagement.backend.domain.entity.Student
[ERROR] /D:/Capstone Project/School Management/backend/src/main/java/com/schoolmanagement/backend/service/StudentAccountService.java:[222,44] cannot find symbol
[ERROR]   symbol:   method getClassRoom()
[ERROR]   location: variable e of type com.schoolmanagement.backend.domain.entity.ClassEnrollment
[ERROR] /D:/Capstone Project/School Management/backend/src/main/java/com/schoolmanagement/backend/service/StudentAccountService.java:[223,40] incompatible types: java.lang.Object cannot be converted to java.lang.String
[ERROR] /D:/Capstone Project/School Management/backend/src/main/java/com/schoolmanagement/backend/service/StudentAccountService.java:[227,30] cannot find symbol
[ERROR]   symbol:   method getId()
[ERROR]   location: variable g of type com.schoolmanagement.backend.domain.entity.Guardian
[ERROR] /D:/Capstone Project/School Management/backend/src/main/java/com/schoolmanagement/backend/service/StudentAccountService.java:[228,30] cannot find symbol
[ERROR]   symbol:   method getFullName()
[ERROR]   location: variable g of type com.schoolmanagement.backend.domain.entity.Guardian
[ERROR] /D:/Capstone Project/School Management/backend/src/main/java/com/schoolmanagement/backend/service/StudentAccountService.java:[229,30] cannot find symbol
[ERROR]   symbol:   method getEmail()
[ERROR]   location: variable g of type com.schoolmanagement.backend.domain.entity.Guardian
[ERROR] /D:/Capstone Project/School Management/backend/src/main/java/com/schoolmanagement/backend/service/StudentAccountService.java:[230,30] cannot find symbol
[ERROR]   symbol:   method getPhone()
[ERROR]   location: variable g of type com.schoolmanagement.backend.domain.entity.Guardian
[ERROR] /D:/Capstone Project/School Management/backend/src/main/java/com/schoolmanagement/backend/service/StudentAccountService.java:[260,17] cannot find symbol
[ERROR]   symbol:   variable log
[ERROR]   location: class com.schoolmanagement.backend.service.StudentAccountService
[ERROR] /D:/Capstone Project/School Management/backend/src/main/java/com/schoolmanagement/backend/service/StudentAccountService.java:[275,43] cannot find symbol
[ERROR]   symbol:   method getStudents()
[ERROR]   location: variable guardian of type com.schoolmanagement.backend.domain.entity.Guardian
[ERROR] /D:/Capstone Project/School Management/backend/src/main/java/com/schoolmanagement/backend/service/StudentAccountService.java:[276,67] cannot find symbol
[ERROR]   symbol:   method getId()
[ERROR]   location: variable school of type com.schoolmanagement.backend.domain.entity.School
[ERROR] /D:/Capstone Project/School Management/backend/src/main/java/com/schoolmanagement/backend/service/StudentAccountService.java:[282,21] cannot find symbol
[ERROR]   symbol:   method getUser()
[ERROR]   location: variable guardian of type com.schoolmanagement.backend.domain.entity.Guardian
[ERROR] /D:/Capstone Project/School Management/backend/src/main/java/com/schoolmanagement/backend/service/StudentAccountService.java:[286,21] cannot find symbol
[ERROR]   symbol:   method getEmail()
[ERROR]   location: variable guardian of type com.schoolmanagement.backend.domain.entity.Guardian
[ERROR] /D:/Capstone Project/School Management/backend/src/main/java/com/schoolmanagement/backend/service/StudentAccountService.java:[286,52] cannot find symbol
[ERROR]   symbol:   method getEmail()
[ERROR]   location: variable guardian of type com.schoolmanagement.backend.domain.entity.Guardian
[ERROR] /D:/Capstone Project/School Management/backend/src/main/java/com/schoolmanagement/backend/service/StudentAccountService.java:[287,68] cannot find symbol
[ERROR]   symbol:   method getFullName()
[ERROR]   location: variable guardian of type com.schoolmanagement.backend.domain.entity.Guardian
[ERROR] /D:/Capstone Project/School Management/backend/src/main/java/com/schoolmanagement/backend/service/StudentAccountService.java:[290,68] cannot find symbol
[ERROR]   symbol:   method getEmail()
[ERROR]   location: variable guardian of type com.schoolmanagement.backend.domain.entity.Guardian
[ERROR] /D:/Capstone Project/School Management/backend/src/main/java/com/schoolmanagement/backend/service/StudentAccountService.java:[291,57] cannot find symbol
[ERROR]   symbol:   method getEmail()
[ERROR]   location: variable guardian of type com.schoolmanagement.backend.domain.entity.Guardian
[ERROR] /D:/Capstone Project/School Management/backend/src/main/java/com/schoolmanagement/backend/service/StudentAccountService.java:[292,25] cannot find symbol
[ERROR]   symbol:   method getFullName()
[ERROR]   location: variable guardian of type com.schoolmanagement.backend.domain.entity.Guardian
[ERROR] /D:/Capstone Project/School Management/backend/src/main/java/com/schoolmanagement/backend/service/StudentAccountService.java:[293,17] cannot find symbol
[ERROR]   symbol:   method setUser(com.schoolmanagement.backend.domain.entity.User)
[ERROR]   location: variable guardian of type com.schoolmanagement.backend.domain.entity.Guardian
[ERROR] /D:/Capstone Project/School Management/backend/src/main/java/com/schoolmanagement/backend/service/StudentAccountService.java:[307,21] cannot find symbol
[ERROR]   symbol:   method getRole()
[ERROR]   location: variable user of type com.schoolmanagement.backend.domain.entity.User
[ERROR] /D:/Capstone Project/School Management/backend/src/main/java/com/schoolmanagement/backend/service/StudentAccountService.java:[309,70] cannot find symbol
[ERROR]   symbol:   method getRole()
[ERROR]   location: variable user of type com.schoolmanagement.backend.domain.entity.User
[ERROR] /D:/Capstone Project/School Management/backend/src/main/java/com/schoolmanagement/backend/service/StudentAccountService.java:[317,25] cannot find symbol
[ERROR]   symbol:   method builder()
[ERROR]   location: class com.schoolmanagement.backend.domain.entity.User
[ERROR] /D:/Capstone Project/School Management/backend/src/main/java/com/schoolmanagement/backend/service/StudentAccountService.java:[330,47] cannot find symbol
[ERROR]   symbol:   method getEmail()
[ERROR]   location: variable user of type com.schoolmanagement.backend.domain.entity.User
[ERROR] /D:/Capstone Project/School Management/backend/src/main/java/com/schoolmanagement/backend/service/StudentAccountService.java:[330,64] cannot find symbol
[ERROR]   symbol:   method getFullName()
[ERROR]   location: variable user of type com.schoolmanagement.backend.domain.entity.User
[ERROR] /D:/Capstone Project/School Management/backend/src/main/java/com/schoolmanagement/backend/service/StudentAccountService.java:[337,20] cannot find symbol
[ERROR]   symbol:   method getGuardian()
[ERROR]   location: variable student of type com.schoolmanagement.backend.domain.entity.Student
[ERROR] /D:/Capstone Project/School Management/backend/src/main/java/com/schoolmanagement/backend/service/StudentAccountService.java:[339,28] cannot find symbol
[ERROR]   symbol:   method getGuardian()
[ERROR]   location: variable student of type com.schoolmanagement.backend.domain.entity.Student
[ERROR] /D:/Capstone Project/School Management/backend/src/main/java/com/schoolmanagement/backend/service/StudentAccountService.java:[340,28] cannot find symbol
[ERROR]   symbol:   method getGuardian()
[ERROR]   location: variable student of type com.schoolmanagement.backend.domain.entity.Student
[ERROR] /D:/Capstone Project/School Management/backend/src/main/java/com/schoolmanagement/backend/service/StudentAccountService.java:[341,28] cannot find symbol
[ERROR]   symbol:   method getGuardian()
[ERROR]   location: variable student of type com.schoolmanagement.backend.domain.entity.Student
[ERROR] /D:/Capstone Project/School Management/backend/src/main/java/com/schoolmanagement/backend/service/StudentAccountService.java:[342,28] cannot find symbol
[ERROR]   symbol:   method getGuardian()
[ERROR]   location: variable student of type com.schoolmanagement.backend.domain.entity.Student
[ERROR] /D:/Capstone Project/School Management/backend/src/main/java/com/schoolmanagement/backend/service/StudentAccountService.java:[352,76] cannot find symbol
[ERROR]   symbol:   method getSchool()
[ERROR]   location: variable student of type com.schoolmanagement.backend.domain.entity.Student
[ERROR] /D:/Capstone Project/School Management/backend/src/main/java/com/schoolmanagement/backend/service/StudentAccountService.java:[353,30] invalid method reference
[ERROR]   cannot find symbol
[ERROR]     symbol:   method getAcademicYear()
[ERROR]     location: class com.schoolmanagement.backend.domain.entity.ClassRoom
[ERROR] /D:/Capstone Project/School Management/backend/src/main/java/com/schoolmanagement/backend/service/StudentAccountService.java:[355,55] cannot find symbol
[ERROR]   symbol:   method getClassRoom()
[ERROR]   location: class com.schoolmanagement.backend.domain.entity.ClassEnrollment
[ERROR] /D:/Capstone Project/School Management/backend/src/main/java/com/schoolmanagement/backend/service/StudentAccountService.java:[356,53] cannot find symbol
[ERROR]   symbol:   method getClassRoom()
[ERROR]   location: class com.schoolmanagement.backend.domain.entity.ClassEnrollment
[ERROR] /D:/Capstone Project/School Management/backend/src/main/java/com/schoolmanagement/backend/service/StudentAccountService.java:[374,24] cannot find symbol
[ERROR]   symbol:   method getUser()
[ERROR]   location: variable student of type com.schoolmanagement.backend.domain.entity.Student
[ERROR] /D:/Capstone Project/School Management/backend/src/main/java/com/schoolmanagement/backend/service/StudentAccountService.java:[360,24] cannot find symbol
[ERROR]   symbol:   method getId()
[ERROR]   location: variable student of type com.schoolmanagement.backend.domain.entity.Student
[ERROR] /D:/Capstone Project/School Management/backend/src/main/java/com/schoolmanagement/backend/service/StudentAccountService.java:[361,24] cannot find symbol
[ERROR]   symbol:   method getStudentCode()
[ERROR]   location: variable student of type com.schoolmanagement.backend.domain.entity.Student
[ERROR] /D:/Capstone Project/School Management/backend/src/main/java/com/schoolmanagement/backend/service/StudentAccountService.java:[362,24] cannot find symbol
[ERROR]   symbol:   method getFullName()
[ERROR]   location: variable student of type com.schoolmanagement.backend.domain.entity.Student
[ERROR] /D:/Capstone Project/School Management/backend/src/main/java/com/schoolmanagement/backend/service/StudentAccountService.java:[363,24] cannot find symbol
[ERROR]   symbol:   method getDateOfBirth()
[ERROR]   location: variable student of type com.schoolmanagement.backend.domain.entity.Student
[ERROR] /D:/Capstone Project/School Management/backend/src/main/java/com/schoolmanagement/backend/service/StudentAccountService.java:[364,24] cannot find symbol
[ERROR]   symbol:   method getGender()
[ERROR]   location: variable student of type com.schoolmanagement.backend.domain.entity.Student
[ERROR] /D:/Capstone Project/School Management/backend/src/main/java/com/schoolmanagement/backend/service/StudentAccountService.java:[364,54] cannot find symbol
[ERROR]   symbol:   method getGender()
[ERROR]   location: variable student of type com.schoolmanagement.backend.domain.entity.Student
[ERROR] /D:/Capstone Project/School Management/backend/src/main/java/com/schoolmanagement/backend/service/StudentAccountService.java:[365,24] cannot find symbol
[ERROR]   symbol:   method getBirthPlace()
[ERROR]   location: variable student of type com.schoolmanagement.backend.domain.entity.Student
[ERROR] /D:/Capstone Project/School Management/backend/src/main/java/com/schoolmanagement/backend/service/StudentAccountService.java:[366,24] cannot find symbol
[ERROR]   symbol:   method getAddress()
[ERROR]   location: variable student of type com.schoolmanagement.backend.domain.entity.Student
[ERROR] /D:/Capstone Project/School Management/backend/src/main/java/com/schoolmanagement/backend/service/StudentAccountService.java:[367,24] cannot find symbol
[ERROR]   symbol:   method getEmail()
[ERROR]   location: variable student of type com.schoolmanagement.backend.domain.entity.Student
[ERROR] /D:/Capstone Project/School Management/backend/src/main/java/com/schoolmanagement/backend/service/StudentAccountService.java:[368,24] cannot find symbol
[ERROR]   symbol:   method getPhone()
[ERROR]   location: variable student of type com.schoolmanagement.backend.domain.entity.Student
[ERROR] /D:/Capstone Project/School Management/backend/src/main/java/com/schoolmanagement/backend/service/StudentAccountService.java:[369,24] cannot find symbol
[ERROR]   symbol:   method getAvatarUrl()
[ERROR]   location: variable student of type com.schoolmanagement.backend.domain.entity.Student
[ERROR] /D:/Capstone Project/School Management/backend/src/main/java/com/schoolmanagement/backend/service/StudentAccountService.java:[370,24] cannot find symbol
[ERROR]   symbol:   method getStatus()
[ERROR]   location: variable student of type com.schoolmanagement.backend.domain.entity.Student
[ERROR] /D:/Capstone Project/School Management/backend/src/main/java/com/schoolmanagement/backend/service/StudentAccountService.java:[371,24] cannot find symbol
[ERROR]   symbol:   method getEnrollmentDate()
[ERROR]   location: variable student of type com.schoolmanagement.backend.domain.entity.Student
[ERROR] /D:/Capstone Project/School Management/backend/src/main/java/com/schoolmanagement/backend/service/TeacherManagementService.java:[65,47] cannot find symbol
[ERROR]   symbol:   method getStatus()
[ERROR]   location: variable t of type com.schoolmanagement.backend.domain.entity.Teacher
[ERROR] -> [Help 1]
[ERROR] 
[ERROR] To see the full stack trace of the errors, re-run Maven with the -e switch.
[ERROR] Re-run Maven using the -X switch to enable full debug logging.
[ERROR] 
[ERROR] For more information about the errors and possible solutions, please read the following articles:
[ERROR] [Help 1] http://cwiki.apache.org/confluence/display/MAVEN/MojoFailureException
